// Jest Snapshot v1, https://goo.gl/fbAQLP

exports[`ProductImage Debe de mostrar el compomente con la URL de la imagen 1`] = `
<div
  className="productCard undefined"
>
  <img
    alt="Product image"
    className="productImg undefined"
    src="./coffÂ§ee-mug.png"
  />
</div>
`;

exports[`ProductImage Debe mostrar la URL de la image 1`] = `
<img
  alt="Product image"
  className="productImg class-image"
  src="url/imagen"
/>
`;
